<html>
<body>
<pre>
<h1>µVision Build Log</h1>
<h2>Tool Versions:</h2>
IDE-Version: ¦ÌVision V5.14.0.0
Copyright (C) 2015 ARM Ltd and ARM Germany GmbH. All rights reserved.
License Information: KY KT, KY, LIC=NQQDY-IL2EA-YV01Y-I1PKK-2KWDD-JCBKK
 
Tool Versions:
Toolchain:       MDK-ARM Standard  Version: 5.14.0.0
Toolchain Path:  F:\Program Files (x86)\MDK5\ARM\ARMCC\Bin
C Compiler:      Armcc.exe V5.05 update 1 (build 106)
Assembler:       Armasm.exe V5.05 update 1 (build 106)
Linker/Locator:  ArmLink.exe V5.05 update 1 (build 106)
Library Manager: ArmAr.exe V5.05 update 1 (build 106)
Hex Converter:   FromElf.exe V5.05 update 1 (build 106)
CPU DLL:         SARMCM3.DLL V5.14.0.0
Dialog DLL:      DCM.DLL V1.13.1.0
Target DLL:      STLink\ST-LINKIII-KEIL_SWO.dll V2.0.14.0_KEIL
Dialog DLL:      TCM.DLL V1.14.4.0
 
<h2>Project:</h2>
C:\Users\KT\Desktop\GizwitsMCUSTM32F407x20200922124541502fcd2021\MCU_STM32F407x_source\MDK-ARM\STM32F407x.uvprojx
Project File Date:  09/27/2020

<h2>Output:</h2>
Build target 'STM32F407x'
compiling gizwits_product.c...
..\Gizwits\gizwits_product.c(78): warning:  #177-D: variable "wifiData" was declared but never referenced
    moduleStatusInfo_t *wifiData = (moduleStatusInfo_t *)gizdata;
..\Gizwits\gizwits_product.c(79): warning:  #177-D: variable "ptime" was declared but never referenced
    protocolTime_t *ptime = (protocolTime_t *)gizdata;
..\Gizwits\gizwits_product.c(84): warning:  #177-D: variable "ptModuleInfo" was declared but never referenced
    moduleInfo_t *ptModuleInfo = (moduleInfo_t *)gizdata;
..\Gizwits\gizwits_product.c: 3 warnings, 0 errors
linking...
Program Size: Code=15516 RO-data=448 RW-data=84 ZI-data=9148  
"STM32F407x\STM32F407x.axf" - 0 Error(s), 3 Warning(s).

<h2>Software Packages used:</h2>

Package Vendor: ARM
                http://www.keil.com/pack/ARM.CMSIS.4.2.0.pack
                ARM::CMSIS:CORE:3.40.0
                CMSIS (Cortex Microcontroller Software Interface Standard)
   * Component: CORE Version: 3.40.0

<h2>Collection of Component include folders:</h2>
  C:\Users\KT\Desktop\GizwitsMCUSTM32F407x20200922124541502fcd2021\MCU_STM32F407x_source\MDK-ARM\RTE
  F:\Program Files (x86)\MDK5\ARM\PACK\ARM\CMSIS\4.2.0\CMSIS\Include
  F:\Program Files (x86)\MDK5\ARM\PACK\Keil\STM32F4xx_DFP\1.0.8\Device\Include

<h2>Collection of Component Files used:</h2>

   * Component: ARM::CMSIS:CORE:3.40.0
      Source file:   CMSIS\UserCodeTemplates\ARM\ITM_Retarget.c
</pre>
</body>
</html>
